SEL 11111 11 0000 Test1 20181001
CHG 11111 20 12345 Test1 20181001
EOS 0000 0 0000 **** 00000000