SEL 11111 11 0000 Testcancelservice 20181001
EOS 0000 0 0000 **** 00000000