SEL 11111 2 0000 Testcreateservice 20181001
EOS 0000 0 0000 **** 00000000