DEL 11111 0 0000 Testcreateservice 20181001
EOS 00000 0 0000 **** 00000000