SEL 11111 11 0000 Testcancelservice 20181001
SEL 22222 11 0000 Testcancelservice 20181001
CAN 11111 10 0000 
Testcancelservice
20181001
CAN 22222 10 0000 
Testcancelservice
20181001
EOS 0000 0 0000 **** 00000000